mode: set
gin-hello-world-rest-api/main.go:7.26,12.2 1 0
gin-hello-world-rest-api/main.go:14.27,19.2 1 0
gin-hello-world-rest-api/main.go:21.34,31.2 3 0
gin-hello-world-rest-api/main.go:33.33,43.2 3 0
gin-hello-world-rest-api/main.go:45.13,54.2 6 0
gin-hello-world-rest-api/cmd/server/main.go:14.13,38.2 10 0
gin-hello-world-rest-api/internal/config/config.go:18.21,29.2 1 0
gin-hello-world-rest-api/internal/config/config.go:31.46,32.42 1 0
gin-hello-world-rest-api/internal/config/config.go:32.42,34.3 1 0
gin-hello-world-rest-api/internal/config/config.go:35.2,35.21 1 0
gin-hello-world-rest-api/internal/handler/handler.go:13.54,14.30 1 1
gin-hello-world-rest-api/internal/handler/handler.go:14.30,19.3 1 1
gin-hello-world-rest-api/internal/handler/handler.go:23.53,24.30 1 1
gin-hello-world-rest-api/internal/handler/handler.go:24.30,34.3 1 1
gin-hello-world-rest-api/internal/handler/handler.go:38.35,43.2 2 0
gin-hello-world-rest-api/internal/logger/logger.go:9.27,11.16 2 0
gin-hello-world-rest-api/internal/logger/logger.go:11.16,13.3 1 0
gin-hello-world-rest-api/internal/logger/logger.go:15.2,17.54 3 0
gin-hello-world-rest-api/internal/middleware/logger.go:11.31,12.30 1 0
gin-hello-world-rest-api/internal/middleware/logger.go:12.30,23.3 4 0
